// Jest Snapshot v1, https://goo.gl/fbAQLP

exports[`Todo.vue renders correctly 1`] = `
<v-list-item-stub activeclass="" tag="div">
  <v-list-item-action-stub>
    <v-checkbox-stub errorcount="1" errormessages="" messages="" rules="" successmessages="" backgroundcolor="" ripple="true" valuecomparator="function deepEqual(a, b) {
  if (a === b) return true;

  if (a instanceof Date &amp;&amp; b instanceof Date) {
    // If the values are Date, they were convert to timestamp with getTime and compare it
    if (a.getTime() !== b.getTime()) return false;
  }

  if (a !== Object(a) || b !== Object(b)) {
    // If the values aren't objects, they were already checked for equality
    return false;
  }

  var props = Object.keys(a);

  if (props.length !== Object.keys(b).length) {
    // Different number of props, don't bother to check
    return false;
  }

  return props.every(function (p) {
    return deepEqual(a[p], b[p]);
  });
}" indeterminateicon="$checkboxIndeterminate" officon="$checkboxOff" onicon="$checkboxOn"></v-checkbox-stub>
  </v-list-item-action-stub>
  <v-list-item-content-stub>
    <v-list-item-title-stub></v-list-item-title-stub>
  </v-list-item-content-stub>
  <v-list-item-icon-stub>
    <v-btn-stub tag="button" activeclass="" icon="true" type="button">
      <v-icon-stub>mdi-delete</v-icon-stub>
    </v-btn-stub>
  </v-list-item-icon-stub>
</v-list-item-stub>
`;
